{
  "@context": "/api/v2/contexts/Page",
  "@id": "/api/v2/shop/cms-plugin/pages",
  "@type": "hydra:Collection",
  "hydra:member": [
    {
      "@id": "/api/v2/shop/cms-plugin/pages/@integer@",
      "@type": "Page",
      "id": "@integer@",
      "code": "page1-code",
      "name": null
    },
    {
      "@id": "/api/v2/shop/cms-plugin/pages/@integer@",
      "@type": "Page",
      "id": "@integer@",
      "code": "page2-code",
      "name": null
    },
    {
      "@id": "/api/v2/shop/cms-plugin/pages/@integer@",
      "@type": "Page",
      "id": "@integer@",
      "code": "page3-code",
      "name": null
    }
  ],
  "hydra:totalItems": 3
}
