{
  "@context": "/api/v2/contexts/Page",
  "@id": "/api/v2/shop/cms-plugin/pages/@integer@",
  "@type": "Page",
  "id": "@integer@",
  "code": "page1-code",
  "name": null,
  "publishAt": null,
  "contentElements": [],
  "translations": {
    "en_US": {
      "@type": "PageTranslation",
      "slug": "translation1_slug_en_US",
      "metaKeywords": "html,application",
      "metaDescription": null,
      "title": "Amazing article1",
      "teaserTitle": "Amazing article1",
      "teaserContent": "This is a teaser content",
      "teaserImage": null
    }
  }
}
