{
  "@context": "/api/v2/contexts/Collection",
  "@id": "/api/v2/shop/cms-plugin/collections",
  "@type": "hydra:Collection",
  "hydra:member": [
    {
      "@id": "/api/v2/shop/cms-plugin/collections/@integer@",
      "@type": "Collection",
      "id": "@integer@",
      "code": "collection1-code",
      "type": "page"
    },
    {
      "@id": "/api/v2/shop/cms-plugin/collections/@integer@",
      "@type": "Collection",
      "id": "@integer@",
      "code": "collection2-code",
      "type": "block"
    },
    {
      "@id": "/api/v2/shop/cms-plugin/collections/@integer@",
      "@type": "Collection",
      "id": "@integer@",
      "code": "collection3-code",
      "type": "media"
    }
  ],
  "hydra:totalItems": 3
}
