{
  "@context": "/api/v2/contexts/Section",
  "@id": "/api/v2/shop/cms-plugin/sections",
  "@type": "hydra:Collection",
  "hydra:member": [
    {
      "@id": "/api/v2/shop/cms-plugin/sections/@integer@",
      "@type": "Section",
      "id": "@integer@",
      "code": "section1-code"
    },
    {
      "@id": "/api/v2/shop/cms-plugin/sections/@integer@",
      "@type": "Section",
      "id": "@integer@",
      "code": "section2-code"
    },
    {
      "@id": "/api/v2/shop/cms-plugin/sections/@integer@",
      "@type": "Section",
      "id": "@integer@",
      "code": "section3-code"
    }
  ],
  "hydra:totalItems": 3
}
