{
  "@context": "/api/v2/contexts/Media",
  "@id": "/api/v2/shop/cms-plugin/media",
  "@type": "hydra:Collection",
  "hydra:member": [
    {
      "@id": "/api/v2/shop/cms-plugin/media/@integer@",
      "@type": "Media",
      "id": "@integer@",
      "type": "image",
      "code": "media1-code",
      "name": "media1-name",
      "enabled": true
    },
    {
      "@id": "/api/v2/shop/cms-plugin/media/@integer@",
      "@type": "Media",
      "id": "@integer@",
      "type": "image",
      "code": "media2-code",
      "name": "media2-name",
      "enabled": true
    },
    {
      "@id": "/api/v2/shop/cms-plugin/media/@integer@",
      "@type": "Media",
      "id": "@integer@",
      "type": "image",
      "code": "media3-code",
      "name": "media3-name",
      "enabled": true
    }
  ],
  "hydra:totalItems": 3
}
