{
  "@context": "/api/v2/contexts/Media",
  "@id": "/api/v2/shop/cms-plugin/media/@integer@",
  "@type": "Media",
  "id": "@integer@",
  "type": "image",
  "code": "media1-code",
  "name": "media1-name",
  "path": "/path/to/media1",
  "mimeType": null,
  "width": null,
  "height": null,
  "saveWithOriginalName": false,
  "enabled": true,
  "collections": [
    "/api/v2/shop/cms-plugin/collections/@integer@"
  ],
  "channels": [
    "/api/v2/shop/channels/code"
  ],
  "translations": {
    "en_US": {
      "@type": "MediaTranslation",
      "content": "translation_content_en_US",
      "alt": null,
      "link": "translation_link_en_US"
    }
  }
}
