<?xml version="1.0" encoding="UTF-8"?>
<urlset xmlns="http://www.sitemaps.org/schemas/sitemap/0.9" xmlns:image="http://www.google.com/schemas/sitemap-image/1.1" xmlns:xhtml="http://www.w3.org/1999/xhtml">
    <url>
        <loc>http://localhost/en_US/page/test</loc>
        <lastmod>@string@.isDateTime()</lastmod>
        <changefreq>daily</changefreq>
        <priority>0.7</priority>
    </url>
    <url>
        <loc>http://localhost/en_US/page/mock</loc>
        <lastmod>@string@.isDateTime()</lastmod>
        <changefreq>daily</changefreq>
        <priority>0.7</priority>
    </url>
</urlset>
